ai/behaviors.ts(2,20): error TS6133: 'AIConfig' is declared but its value is never read.
ai/behaviors.ts(2,30): error TS6133: 'AIState' is declared but its value is never read.
ai/behaviors.ts(8,15): error TS6133: 'entity' is declared but its value is never read.
ai/behaviors.ts(8,33): error TS6133: 'deltaTime' is declared but its value is never read.
ai/behaviors.ts(19,5): error TS6133: 'deltaTime' is declared but its value is never read.
ai/behaviors.ts(59,5): error TS6133: 'deltaTime' is declared but its value is never read.
ai/behaviors.ts(87,5): error TS6133: 'playerPos' is declared but its value is never read.
ai/behaviors.ts(88,5): error TS6133: 'deltaTime' is declared but its value is never read.
App.tsx(10,3): error TS6133: 'GameObject' is declared but its value is never read.
App.tsx(829,60): error TS6133: 'config' is declared but its value is never read.
rooms/index.ts(13,40): error TS1149: File name 'C:/Users/emoti/OneDrive/Escritorio/CODING PROJECTS/FACILITY RPG/rooms/Testdeleteafter.ts' differs from already included file name 'C:/Users/emoti/OneDrive/Escritorio/CODING PROJECTS/FACILITY RPG/rooms/TestDeleteAfter.ts' only in casing.
  The file is in the program because:
    Matched by include pattern '**/*.ts' in 'C:/Users/emoti/OneDrive/Escritorio/CODING PROJECTS/FACILITY RPG/tsconfig.json'
    Imported via "./Testdeleteafter" from file 'C:/Users/emoti/OneDrive/Escritorio/CODING PROJECTS/FACILITY RPG/rooms/index.ts'
systems/EnemySystem.ts(1,30): error TS6133: 'Vector2' is declared but its value is never read.
systems/EnemySystem.ts(5,5): error TS6133: 'deltaTime' is declared but its value is never read.
systems/EnemySystem.ts(30,9): error TS6133: 'lastStateChange' is declared but its value is never read.
